Running Gradle task 'assembleRelease'...                        
Font asset "CupertinoIcons.ttf" was tree-shaken, reducing it from 257628 to 1832 bytes (99.3% reduction). Tree-shaking can be disabled by providing the --no-tree-shake-icons flag when building your app.
Font asset "Font-Awesome-7-Brands-Regular-400.otf" was tree-shaken, reducing it from 199352 to 2468 bytes (98.8% reduction). Tree-shaking can be disabled by providing the --no-tree-shake-icons flag when building your app.
Font asset "MaterialIcons-Regular.otf" was tree-shaken, reducing it from 1645184 to 7960 bytes (99.5% reduction). Tree-shaking can be disabled by providing the --no-tree-shake-icons flag when building your app.
flutter : 
En línea: 1 
Carácter: 1
+ flutter build apk 
--release > 
build_output.txt 2>&1
+ ~~~~~~~~~~~~~~~~~~~
~~~~~~~~~~~~~~~~~~~~~
~~~~~~~~~~~
    + CategoryInfo   
           : NotSpe  
  cified: (:String   
 ) [], RemoteExce    
ption
    + FullyQualified 
   ErrorId : Native  
  CommandError
 
FAILURE: Build 
failed with an 
exception.

* What went wrong:
Execution failed for 
task ':app:checkRelea
seAarMetadata'.
> A failure occurred 
while executing com.a
ndroid.build.gradle.i
nternal.tasks.CheckAa
rMetadataWorkAction
   > An issue was 
found when checking 
AAR metadata:

       1.  
Dependency ':flutter_
local_notifications' 
requires core 
library desugaring 
to be enabled
           for :app.

           See https:
//developer.android.c
om/studio/write/java8
-support.html for 
more
           details.

* Try:
> Run with 
--stacktrace option 
to get the stack 
trace.
> Run with --info or 
--debug option to 
get more log output.
> Run with --scan to 
get full insights.
> Get more help at ht
tps://help.gradle.org
.

BUILD FAILED in 4m 
56s
Running Gradle task 'assembleRelease'...                          300.5s
Gradle task 
assembleRelease 
failed with exit 
code 1
